slipway-ci-triage/SKILL.md	skill_md	non-exec
slipway-ci-triage/references/fetch-pr-checks-shell-evaluation.md	reference	non-exec
slipway-ci-triage/scripts/fetch-pr-checks.py	script_py	non-exec
slipway-code-quality-review/SKILL.md	skill_md	non-exec
slipway-codebase-mapping/SKILL.md	skill_md	non-exec
slipway-coding-discipline/SKILL.md	skill_md	non-exec
slipway-context-assembly/SKILL.md	skill_md	non-exec
slipway-context-assembly/references/codebase-map.md	reference	non-exec
slipway-coverage-analysis/SKILL.md	skill_md	non-exec
slipway-final-closeout/SKILL.md	skill_md	non-exec
slipway-git-recovery/SKILL.md	skill_md	non-exec
slipway-goal-verification/SKILL.md	skill_md	non-exec
slipway-incident-response/SKILL.md	skill_md	non-exec
slipway-incident-response/references/incident-response-framework.md	reference	non-exec
slipway-incident-response/references/incident-severity-matrix.md	reference	non-exec
slipway-independent-review/SKILL.md	skill_md	non-exec
slipway-intake-clarification/SKILL.md	skill_md	non-exec
slipway-plan-audit/SKILL.md	skill_md	non-exec
slipway-plan-audit/references/audit-smells.md	reference	non-exec
slipway-research-orchestration/SKILL.md	skill_md	non-exec
slipway-root-cause-tracing/SKILL.md	skill_md	non-exec
slipway-root-cause-tracing/references/condition-based-waiting.md	reference	non-exec
slipway-root-cause-tracing/references/hypothesis-testing.md	reference	non-exec
slipway-root-cause-tracing/references/root-cause-tracing.md	reference	non-exec
slipway-root-cause-tracing/scripts/find-polluter-go.sh	script_sh	exec
slipway-security-review/SKILL.md	skill_md	non-exec
slipway-security-review/references/authentication.md	reference	non-exec
slipway-security-review/references/authorization.md	reference	non-exec
slipway-security-review/references/infrastructure-docker.md	reference	non-exec
slipway-security-review/references/injection.md	reference	non-exec
slipway-security-review/references/ssrf.md	reference	non-exec
slipway-security-review/references/xss.md	reference	non-exec
slipway-spec-compliance-review/SKILL.md	skill_md	non-exec
slipway-spec-trace/SKILL.md	skill_md	non-exec
slipway-tdd-governance/SKILL.md	skill_md	non-exec
slipway-tdd-governance/references/tdd-evidence-patterns.md	reference	non-exec
slipway-wave-orchestration/SKILL.md	skill_md	non-exec
slipway-wave-orchestration/references/executor-dispatch-reference.md	reference	non-exec
slipway-worktree-preflight/SKILL.md	skill_md	non-exec
slipway/SKILL.md	skill_md	non-exec
slipway/references/catalog/ci-triage.md	reference	non-exec
slipway/references/catalog/ci-triage/references/fetch-pr-checks-shell-evaluation.md	reference	non-exec
slipway/references/catalog/ci-triage/scripts/fetch-pr-checks.py	reference	non-exec
slipway/references/catalog/context-assembly.md	reference	non-exec
slipway/references/catalog/context-assembly/references/codebase-map.md	reference	non-exec
slipway/references/catalog/coverage-analysis.md	reference	non-exec
slipway/references/catalog/gha-security-review.md	reference	non-exec
slipway/references/catalog/gha-security-review/references/comment-triggered-commands.md	reference	non-exec
slipway/references/catalog/gha-security-review/references/expression-injection.md	reference	non-exec
slipway/references/catalog/gha-security-review/references/permissions-and-secrets.md	reference	non-exec
slipway/references/catalog/gha-security-review/references/pwn-request.md	reference	non-exec
slipway/references/catalog/gha-security-review/scripts/pin-actions.sh	reference	exec
slipway/references/catalog/git-recovery.md	reference	non-exec
slipway/references/catalog/incident-response.md	reference	non-exec
slipway/references/catalog/incident-response/references/incident-response-framework.md	reference	non-exec
slipway/references/catalog/incident-response/references/incident-severity-matrix.md	reference	non-exec
slipway/references/catalog/independent-review.md	reference	non-exec
slipway/references/catalog/multi-reviewer-calibration.md	reference	non-exec
slipway/references/catalog/multi-reviewer-calibration/references/review-dimensions.md	reference	non-exec
slipway/references/catalog/mutation-testing.md	reference	non-exec
slipway/references/catalog/mutation-testing/references/configuration.md	reference	non-exec
slipway/references/catalog/mutation-testing/references/optimization-strategies.md	reference	non-exec
slipway/references/catalog/property-testing.md	reference	non-exec
slipway/references/catalog/property-testing/references/design.md	reference	non-exec
slipway/references/catalog/property-testing/references/generating.md	reference	non-exec
slipway/references/catalog/property-testing/references/interpreting-failures.md	reference	non-exec
slipway/references/catalog/review-comment-triage.md	reference	non-exec
slipway/references/catalog/review-comment-triage/scripts/fetch-pr-feedback.py	reference	non-exec
slipway/references/catalog/review-comment-triage/scripts/fetch-review-requests.sh	reference	exec
slipway/references/catalog/review-comment-triage/scripts/gh-common.sh	reference	exec
slipway/references/catalog/review-comment-triage/scripts/reply-to-thread.py	reference	non-exec
slipway/references/catalog/root-cause-tracing.md	reference	non-exec
slipway/references/catalog/root-cause-tracing/references/condition-based-waiting.md	reference	non-exec
slipway/references/catalog/root-cause-tracing/references/hypothesis-testing.md	reference	non-exec
slipway/references/catalog/root-cause-tracing/references/root-cause-tracing.md	reference	non-exec
slipway/references/catalog/root-cause-tracing/scripts/find-polluter-go.sh	reference	exec
slipway/references/catalog/sast-orchestration.md	reference	non-exec
slipway/references/catalog/sast-orchestration/references/codeql-ruleset-catalog.md	reference	non-exec
slipway/references/catalog/sast-orchestration/references/sarif-jq-queries.md	reference	non-exec
slipway/references/catalog/sast-orchestration/references/sarif-merge.md	reference	non-exec
slipway/references/catalog/sast-orchestration/references/semgrep-scan-modes.md	reference	non-exec
slipway/references/catalog/sast-orchestration/scripts/merge-sarif.sh	reference	exec
slipway/references/catalog/security-review.md	reference	non-exec
slipway/references/catalog/security-review/references/authentication.md	reference	non-exec
slipway/references/catalog/security-review/references/authorization.md	reference	non-exec
slipway/references/catalog/security-review/references/infrastructure-docker.md	reference	non-exec
slipway/references/catalog/security-review/references/injection.md	reference	non-exec
slipway/references/catalog/security-review/references/ssrf.md	reference	non-exec
slipway/references/catalog/security-review/references/xss.md	reference	non-exec
slipway/references/catalog/spec-trace.md	reference	non-exec
slipway/references/catalog/supply-chain-audit.md	reference	non-exec
slipway/references/catalog/supply-chain-audit/references/results-template.md	reference	non-exec
slipway/references/catalog/supply-chain-audit/references/vulnerability-assessment-guide.md	reference	non-exec
slipway/references/catalog/threat-modeling.md	reference	non-exec
slipway/references/catalog/variant-analysis.md	reference	non-exec
slipway/references/catalog/variant-analysis/references/methodology.md	reference	non-exec
slipway/references/catalog/variant-analysis/references/query-patterns.md	reference	non-exec
slipway/references/catalog/variant-analysis/scripts/find-variant.sh	reference	exec
slipway/references/command-reference.md	reference	non-exec
using-slipway-catalog.md	manifest_md	non-exec
# inventory_sha256:3e2cde755ae0c5299730b6254b3f709e8a11657521937d3affe2357867911c48
