abort/SKILL.md	skill_md	non-exec
cancel/SKILL.md	skill_md	non-exec
checkpoint/SKILL.md	skill_md	non-exec
ci-triage/SKILL.md	skill_md	non-exec
ci-triage/provenance.yaml	provenance	non-exec
code-quality-review/SKILL.md	skill_md	non-exec
code-review-protocol/SKILL.md	skill_md	non-exec
codebase-mapping/SKILL.md	skill_md	non-exec
context-assembly/SKILL.md	skill_md	non-exec
context-assembly/provenance.yaml	provenance	non-exec
context-assembly/references/codebase-map.md	reference	non-exec
coverage-analysis/SKILL.md	skill_md	non-exec
coverage-analysis/provenance.yaml	provenance	non-exec
differential-review/SKILL.md	skill_md	non-exec
differential-review/provenance.yaml	provenance	non-exec
done/SKILL.md	skill_md	non-exec
final-closeout/SKILL.md	skill_md	non-exec
fresh-verification-evidence/SKILL.md	skill_md	non-exec
fresh-verification-evidence/provenance.yaml	provenance	non-exec
gha-security-review/SKILL.md	skill_md	non-exec
gha-security-review/provenance.yaml	provenance	non-exec
gha-security-review/references/ai-prompt-injection-via-ci.md	reference	non-exec
gha-security-review/references/comment-triggered-commands.md	reference	non-exec
gha-security-review/references/credential-escalation.md	reference	non-exec
gha-security-review/references/expression-injection.md	reference	non-exec
gha-security-review/references/permissions-and-secrets.md	reference	non-exec
gha-security-review/references/pwn-request.md	reference	non-exec
gha-security-review/references/real-world-attacks.md	reference	non-exec
gha-security-review/references/runner-infrastructure.md	reference	non-exec
gha-security-review/references/supply-chain.md	reference	non-exec
gha-security-review/scripts/pin-actions.sh	script_sh	exec
git-recovery/SKILL.md	skill_md	non-exec
git-recovery/provenance.yaml	provenance	non-exec
goal-verification/SKILL.md	skill_md	non-exec
incident-response/SKILL.md	skill_md	non-exec
incident-response/provenance.yaml	provenance	non-exec
incident-response/references/communication-templates.md	reference	non-exec
incident-response/references/incident-response-framework.md	reference	non-exec
incident-response/references/incident-severity-matrix.md	reference	non-exec
incident-response/references/rca-frameworks-guide.md	reference	non-exec
incident-response/references/regulatory-deadlines.md	reference	non-exec
incident-response/references/sla-management-guide.md	reference	non-exec
independent-review/SKILL.md	skill_md	non-exec
independent-review/provenance.yaml	provenance	non-exec
init/SKILL.md	skill_md	non-exec
intake-clarification/SKILL.md	skill_md	non-exec
multi-reviewer-calibration/SKILL.md	skill_md	non-exec
multi-reviewer-calibration/provenance.yaml	provenance	non-exec
mutation-testing/SKILL.md	skill_md	non-exec
mutation-testing/provenance.yaml	provenance	non-exec
new/SKILL.md	skill_md	non-exec
next/SKILL.md	skill_md	non-exec
parallel-executor-contract/SKILL.md	skill_md	non-exec
parallel-executor-contract/provenance.yaml	provenance	non-exec
performance-profiling/SKILL.md	skill_md	non-exec
performance-profiling/provenance.yaml	provenance	non-exec
pivot/SKILL.md	skill_md	non-exec
plan-audit/SKILL.md	skill_md	non-exec
plan-authoring/SKILL.md	skill_md	non-exec
plan-authoring/provenance.yaml	provenance	non-exec
preset/SKILL.md	skill_md	non-exec
property-testing/SKILL.md	skill_md	non-exec
property-testing/provenance.yaml	provenance	non-exec
repair/SKILL.md	skill_md	non-exec
research-orchestration/SKILL.md	skill_md	non-exec
review-comment-triage/SKILL.md	skill_md	non-exec
review-comment-triage/provenance.yaml	provenance	non-exec
review/SKILL.md	skill_md	non-exec
root-cause-tracing/SKILL.md	skill_md	non-exec
root-cause-tracing/provenance.yaml	provenance	non-exec
root-cause-tracing/references/condition-based-waiting.md	reference	non-exec
root-cause-tracing/references/defense-in-depth.md	reference	non-exec
root-cause-tracing/references/failure-patterns.md	reference	non-exec
root-cause-tracing/references/hypothesis-testing.md	reference	non-exec
root-cause-tracing/references/root-cause-tracing.md	reference	non-exec
root-cause-tracing/scripts/find-polluter-go.sh	script_sh	exec
run/SKILL.md	skill_md	non-exec
sast-orchestration/SKILL.md	skill_md	non-exec
sast-orchestration/provenance.yaml	provenance	non-exec
sast-orchestration/references/codeql-build-fixes.md	reference	non-exec
sast-orchestration/references/codeql-language-details.md	reference	non-exec
sast-orchestration/references/codeql-performance-tuning.md	reference	non-exec
sast-orchestration/references/codeql-ruleset-catalog.md	reference	non-exec
sast-orchestration/references/codeql-threat-models.md	reference	non-exec
sast-orchestration/references/sarif-jq-queries.md	reference	non-exec
sast-orchestration/references/sarif-merge.md	reference	non-exec
sast-orchestration/references/semgrep-rulesets.md	reference	non-exec
sast-orchestration/references/semgrep-scan-modes.md	reference	non-exec
sast-orchestration/scripts/merge-sarif.sh	script_sh	exec
scope-clarification/SKILL.md	skill_md	non-exec
scope-clarification/provenance.yaml	provenance	non-exec
security-review/SKILL.md	skill_md	non-exec
security-review/provenance.yaml	provenance	non-exec
security-review/references/authentication.md	reference	non-exec
security-review/references/authorization.md	reference	non-exec
security-review/references/infrastructure-docker.md	reference	non-exec
security-review/references/injection.md	reference	non-exec
security-review/references/ssrf.md	reference	non-exec
security-review/references/xss.md	reference	non-exec
spec-compliance-review/SKILL.md	skill_md	non-exec
spec-trace/SKILL.md	skill_md	non-exec
spec-trace/provenance.yaml	provenance	non-exec
status/SKILL.md	skill_md	non-exec
supply-chain-audit/SKILL.md	skill_md	non-exec
supply-chain-audit/provenance.yaml	provenance	non-exec
supply-chain-audit/references/dependency-management-best-practices.md	reference	non-exec
supply-chain-audit/references/license-compatibility-matrix.md	reference	non-exec
supply-chain-audit/references/results-template.md	reference	non-exec
supply-chain-audit/references/vulnerability-assessment-guide.md	reference	non-exec
systematic-debugging/SKILL.md	skill_md	non-exec
tdd-governance/SKILL.md	skill_md	non-exec
tdd-proof/SKILL.md	skill_md	non-exec
tdd-proof/provenance.yaml	provenance	non-exec
tdd/SKILL.md	skill_md	non-exec
threat-modeling/SKILL.md	skill_md	non-exec
threat-modeling/provenance.yaml	provenance	non-exec
using-slipway-catalog.md	manifest_md	non-exec
validate-requirements/SKILL.md	skill_md	non-exec
validate/SKILL.md	skill_md	non-exec
variant-analysis/SKILL.md	skill_md	non-exec
variant-analysis/provenance.yaml	provenance	non-exec
wave-orchestration/SKILL.md	skill_md	non-exec
worktree-preflight/SKILL.md	skill_md	non-exec
# inventory_sha256:1077da113f57b2eed28301715498d0f502d94b9e9a7316129249d8dc3b21f3ab
