slipway-abort/SKILL.md	skill_md	non-exec
slipway-cancel/SKILL.md	skill_md	non-exec
slipway-ci-triage/SKILL.md	skill_md	non-exec
slipway-ci-triage/references/fetch-pr-checks-shell-evaluation.md	reference	non-exec
slipway-code-quality-review/SKILL.md	skill_md	non-exec
slipway-codebase-map/SKILL.md	skill_md	non-exec
slipway-codebase-mapping/SKILL.md	skill_md	non-exec
slipway-coding-discipline/SKILL.md	skill_md	non-exec
slipway-context-assembly/SKILL.md	skill_md	non-exec
slipway-context-assembly/references/codebase-map.md	reference	non-exec
slipway-coverage-analysis/SKILL.md	skill_md	non-exec
slipway-delete/SKILL.md	skill_md	non-exec
slipway-done/SKILL.md	skill_md	non-exec
slipway-evidence/SKILL.md	skill_md	non-exec
slipway-final-closeout/SKILL.md	skill_md	non-exec
slipway-fix/SKILL.md	skill_md	non-exec
slipway-git-recovery/SKILL.md	skill_md	non-exec
slipway-goal-verification/SKILL.md	skill_md	non-exec
slipway-handoff/SKILL.md	skill_md	non-exec
slipway-health/SKILL.md	skill_md	non-exec
slipway-implement/SKILL.md	skill_md	non-exec
slipway-incident-response/SKILL.md	skill_md	non-exec
slipway-incident-response/references/incident-response-framework.md	reference	non-exec
slipway-incident-response/references/incident-severity-matrix.md	reference	non-exec
slipway-independent-review/SKILL.md	skill_md	non-exec
slipway-init/SKILL.md	skill_md	non-exec
slipway-instructions/SKILL.md	skill_md	non-exec
slipway-intake-clarification/SKILL.md	skill_md	non-exec
slipway-intake/SKILL.md	skill_md	non-exec
slipway-new/SKILL.md	skill_md	non-exec
slipway-next/SKILL.md	skill_md	non-exec
slipway-plan-audit/SKILL.md	skill_md	non-exec
slipway-plan-audit/references/audit-smells.md	reference	non-exec
slipway-plan-audit/references/checklist-quality.md	reference	non-exec
slipway-plan/SKILL.md	skill_md	non-exec
slipway-preset/SKILL.md	skill_md	non-exec
slipway-repair/SKILL.md	skill_md	non-exec
slipway-research-orchestration/SKILL.md	skill_md	non-exec
slipway-review/SKILL.md	skill_md	non-exec
slipway-root-cause-tracing/SKILL.md	skill_md	non-exec
slipway-root-cause-tracing/references/condition-based-waiting.md	reference	non-exec
slipway-root-cause-tracing/references/hypothesis-testing.md	reference	non-exec
slipway-root-cause-tracing/references/root-cause-tracing.md	reference	non-exec
slipway-run/SKILL.md	skill_md	non-exec
slipway-security-review/SKILL.md	skill_md	non-exec
slipway-security-review/references/authentication.md	reference	non-exec
slipway-security-review/references/authorization.md	reference	non-exec
slipway-security-review/references/infrastructure-docker.md	reference	non-exec
slipway-security-review/references/injection.md	reference	non-exec
slipway-security-review/references/ssrf.md	reference	non-exec
slipway-security-review/references/xss.md	reference	non-exec
slipway-spec-compliance-review/SKILL.md	skill_md	non-exec
slipway-spec-compliance-review/references/checklist-quality.md	reference	non-exec
slipway-spec-trace/SKILL.md	skill_md	non-exec
slipway-status/SKILL.md	skill_md	non-exec
slipway-tdd-governance/SKILL.md	skill_md	non-exec
slipway-tdd-governance/references/tdd-evidence-patterns.md	reference	non-exec
slipway-test-design/SKILL.md	skill_md	non-exec
slipway-test-design/references/behavior-vs-implementation.md	reference	non-exec
slipway-test-design/references/case-enumeration.md	reference	non-exec
slipway-test-design/references/property-reasoning.md	reference	non-exec
slipway-test-design/references/test-data.md	reference	non-exec
slipway-test-design/references/test-doubles.md	reference	non-exec
slipway-validate/SKILL.md	skill_md	non-exec
slipway-wave-orchestration/SKILL.md	skill_md	non-exec
slipway-wave-orchestration/references/executor-dispatch-reference.md	reference	non-exec
slipway-worktree-preflight/SKILL.md	skill_md	non-exec
slipway/SKILL.md	skill_md	non-exec
slipway/references/command-reference.md	reference	non-exec
slipway/references/skill-index.md	reference	non-exec
# inventory_sha256:f2091effd559e72c9abf484721bc96383ef8ded22eef8ee79f5e8dab8c5e5b52
